college> db.posts.createIndex({title: "text", content: "text"})
title_text_content_text
college> db.posts.find({$text: {search: "MongoDB"}})
MongoServerError[NoSuchKey]: Missing expected field "$search"
college> db.posts.find({$text: {$search: "MongoDB"}})
[
  {
    _id: ObjectId('68df5368638bbf97bccebea9'),
    content: 'The concept of indexing is crucial for any database, and so for MongoDB also. In MongoDB, indexes plays a vital role in efficiently execution of the queries. Without indexes, MongoDB must scan every document of a collection to select those documents that match the query statement. This scan is highly inefficient and require MongoDB to process a large volume of data.'
  }
]
college> db.posts.getIndexes()
[
  { v: 2, key: { _id: 1 }, name: '_id_' },
  {
    v: 2,
    key: { _fts: 'text', _ftsx: 1 },
    name: 'title_text_content_text',
    weights: { content: 1, title: 1 },
    default_language: 'english',
    language_override: 'language',
    textIndexVersion: 3
  }
]
college> db.posts.dropIndex("title_text_content_text")
{ nIndexesWas: 2, ok: 1 }